******************************************************************************
                  TI ARM Linker PC v16.9.6                     
******************************************************************************
>> Linked Sun Dec 02 22:06:38 2018

OUTPUT FILE NAME:   <LVTN_FINISH.out>
ENTRY POINT SYMBOL: "_c_int00"  address: 00001a21


MEMORY CONFIGURATION

         name            origin    length      used     unused   attr    fill
----------------------  --------  ---------  --------  --------  ----  --------
  FLASH                 00000000   00040000  0000241e  0003dbe2  R  X
  SRAM                  20000000   00008000  00000534  00007acc  RW X


SEGMENT ALLOCATION MAP

run origin  load origin   length   init length attrs members
----------  ----------- ---------- ----------- ----- -------
00000000    00000000    00002428   00002428    r-x
  00000000    00000000    0000026c   0000026c    r-- .intvecs
  0000026c    0000026c    00001d8e   00001d8e    r-x .text
  00002000    00002000    000003c4   000003c4    r-- .const
  000023c8    000023c8    00000060   00000060    r-- .cinit
20000000    20000000    00000538   00000000    rw-
  20000000    20000000    0000026c   00000000    rw- .vtable
  2000026c    2000026c    00000200   00000000    rw- .stack
  20000470    20000470    00000074   00000000    rw- .data
  200004e4    200004e4    00000054   00000000    rw- .bss


SECTION ALLOCATION MAP

 output                                  attributes/
section   page    origin      length       input sections
--------  ----  ----------  ----------   ----------------
.intvecs   0    00000000    0000026c     
                  00000000    0000026c     tm4c123gh6pm_startup_ccs.obj (.intvecs)

.text      0    0000026c    00001d8e     
                  0000026c    000005b4     main.obj (.text)
                  00000820    000004f8     uartstdio.obj (.text)
                  00000d18    00000228     motor.obj (.text)
                  00000f40    00000158     srf05.obj (.text)
                  00001098    00000132     driverlib.lib : gpio.obj (.text:GPIOPadConfigSet)
                  000011ca    00000002     rtsv7M4_T_le_v4SPD16_eabi.lib : i_div0.obj (.text)
                  000011cc    00000110     driverlib.lib : sysctl.obj (.text:SysCtlClockGet)
                  000012dc    0000010c     Uart.obj (.text)
                  000013e8    000000fc     rtsv7M4_T_le_v4SPD16_eabi.lib : fd_mul_t2.obj (.text)
                  000014e4    000000f4     driverlib.lib : sysctl.obj (.text:SysCtlClockSet)
                  000015d8    0000009c     rtsv7M4_T_le_v4SPD16_eabi.lib : memcpy_t2.obj (.text)
                  00001674    0000007a     driverlib.lib : adc.obj (.text:ADCSequenceStepConfigure)
                  000016ee    0000007a     rtsv7M4_T_le_v4SPD16_eabi.lib : memset_t2.obj (.text)
                  00001768    00000070                                   : autoinit.obj (.text)
                  000017d8    00000068     driverlib.lib : interrupt.obj (.text:IntDisable)
                  00001840    00000068                   : interrupt.obj (.text:IntEnable)
                  000018a8    00000068     rtsv7M4_T_le_v4SPD16_eabi.lib : copy_decompress_lzss.obj (.text:decompress:lzss)
                  00001910    00000060     driverlib.lib : timer.obj (.text:TimerConfigure)
                  00001970    00000058                   : adc.obj (.text:ADCSequenceConfigure)
                  000019c8    00000056                   : gpio.obj (.text:GPIOIntTypeSet)
                  00001a1e    00000002     rtsv7M4_T_le_v4SPD16_eabi.lib : mpu_init.obj (.text)
                  00001a20    00000054                                   : boot.obj (.text)
                  00001a74    00000054                                   : exit.obj (.text)
                  00001ac8    0000004c     driverlib.lib : timer.obj (.text:_TimerIntNumberGet)
                  00001b14    0000004c     rtsv7M4_T_le_v4SPD16_eabi.lib : cpy_tbl.obj (.text)
                  00001b60    00000048     driverlib.lib : gpio.obj (.text:GPIOPinConfigure)
                  00001ba8    00000044     rtsv7M4_T_le_v4SPD16_eabi.lib : fd_tou_t2.obj (.text)
                  00001bec    00000040     driverlib.lib : gpio.obj (.text:_GPIOIntNumberGet)
                  00001c2c    00000040     rtsv7M4_T_le_v4SPD16_eabi.lib : u_divt2.obj (.text)
                  00001c6c    00000034     driverlib.lib : interrupt.obj (.text:IntRegister)
                  00001ca0    00000034                   : sysctl.obj (.text:SysCtlPeripheralEnable)
                  00001cd4    0000002e                   : adc.obj (.text:ADCIntStatus)
                  00001d02    0000002a                   : gpio.obj (.text:GPIODirModeSet)
                  00001d2c    00000022                   : pwm.obj (.text:PWMGenConfigure)
                  00001d4e    00000020     rtsv7M4_T_le_v4SPD16_eabi.lib : u_tofd_t2.obj (.text)
                  00001d6e    0000001e     driverlib.lib : adc.obj (.text:ADCSequenceDataGet)
                  00001d8c    0000001e                   : pwm.obj (.text:PWMPulseWidthSet)
                  00001daa    00000002     rtsv7M4_T_le_v4SPD16_eabi.lib : startup.obj (.text)
                  00001dac    0000001c     driverlib.lib : systick.obj (.text:SysTickIntRegister)
                  00001dc8    00000018                   : adc.obj (.text:ADCProcessorTrigger)
                  00001de0    00000018                   : gpio.obj (.text:GPIOIntRegister)
                  00001df8    00000018                   : gpio.obj (.text:GPIOPinTypeGPIOOutput)
                  00001e10    00000018                   : timer.obj (.text:TimerDisable)
                  00001e28    00000018                   : timer.obj (.text:TimerIntRegister)
                  00001e40    00000018     rtsv7M4_T_le_v4SPD16_eabi.lib : args_main.obj (.text)
                  00001e58    00000014     driverlib.lib : sysctl.obj (.text:SysCtlPWMClockSet)
                  00001e6c    00000014                   : systick.obj (.text:SysTickEnable)
                  00001e80    00000014                   : systick.obj (.text:SysTickIntEnable)
                  00001e94    00000014     rtsv7M4_T_le_v4SPD16_eabi.lib : _lock.obj (.text)
                  00001ea8    00000012     driverlib.lib : gpio.obj (.text:GPIOPinTypeADC)
                  00001eba    00000012                   : gpio.obj (.text:GPIOPinTypeGPIOInput)
                  00001ecc    00000012                   : gpio.obj (.text:GPIOPinTypePWM)
                  00001ede    00000012                   : pwm.obj (.text:PWMOutputState)
                  00001ef0    00000012                   : timer.obj (.text:TimerLoadSet)
                  00001f02    00000010                   : interrupt.obj (.text:IntMasterEnable)
                  00001f12    00000010                   : pwm.obj (.text:PWMGenPeriodSet)
                  00001f22    00000002     --HOLE-- [fill = 0]
                  00001f24    00000010                   : systick.obj (.text:SysTickPeriodSet)
                  00001f34    0000000e                   : adc.obj (.text:ADCHardwareOversampleConfigure)
                  00001f42    0000000e                   : adc.obj (.text:ADCSequenceEnable)
                  00001f50    0000000e                   : timer.obj (.text:TimerEnable)
                  00001f5e    0000000e     rtsv7M4_T_le_v4SPD16_eabi.lib : copy_decompress_none.obj (.text:decompress:none)
                  00001f6c    0000000c     driverlib.lib : cpu.obj (.text:CPUcpsie)
                  00001f78    0000000c                   : gpio.obj (.text:GPIOIntEnable)
                  00001f84    0000000c                   : pwm.obj (.text:PWMGenDisable)
                  00001f90    0000000c                   : pwm.obj (.text:PWMGenEnable)
                  00001f9c    0000000c     rtsv7M4_T_le_v4SPD16_eabi.lib : copy_zero_init.obj (.text:decompress:ZI)
                  00001fa8    0000000c     tm4c123gh6pm_startup_ccs.obj (.text)
                  00001fb4    0000000a     driverlib.lib : adc.obj (.text:ADCIntClear)
                  00001fbe    0000000a                   : timer.obj (.text:TimerIntDisable)
                  00001fc8    0000000a                   : timer.obj (.text:TimerValueGet)
                  00001fd2    00000008                   : timer.obj (.text:TimerIntEnable)
                  00001fda    00000006                   : gpio.obj (.text:GPIOIntClear)
                  00001fe0    00000006                   : gpio.obj (.text:GPIOPinRead)
                  00001fe6    00000006                   : gpio.obj (.text:GPIOPinWrite)
                  00001fec    00000006                   : sysctl.obj (.text:SysCtlDelay)
                  00001ff2    00000004                   : timer.obj (.text:TimerIntClear)
                  00001ff6    00000004     rtsv7M4_T_le_v4SPD16_eabi.lib : pre_init.obj (.text)

.const     0    00002000    000003c4     
                  00002000    000000c0     driverlib.lib : gpio.obj (.const:g_ppui32GPIOIntMapBlizzard)
                  000020c0    000000c0                   : gpio.obj (.const:g_ppui32GPIOIntMapSnowflake)
                  00002180    00000090                   : gpio.obj (.const:g_pui32GPIOBaseAddrs)
                  00002210    00000070                   : interrupt.obj (.const)
                  00002280    0000006c                   : sysctl.obj (.const:g_pui32Xtals)
                  000022ec    00000060                   : timer.obj (.const:g_ppui32TimerIntMap)
                  0000234c    00000040                   : timer.obj (.const:g_ppui32TimerIntMapSnowflake)
                  0000238c    00000012     uartstdio.obj (.const:.string)
                  0000239e    00000002     --HOLE-- [fill = 0]
                  000023a0    0000000c     uartstdio.obj (.const:g_ui32UARTBase)
                  000023ac    0000000c     uartstdio.obj (.const:g_ui32UARTPeriph)
                  000023b8    00000008     srf05.obj (.const)
                  000023c0    00000004     uartstdio.obj (.const)

.cinit     0    000023c8    00000060     
                  000023c8    00000025     (.cinit..data.load) [load image, compression = lzss]
                  000023ed    00000003     --HOLE-- [fill = 0]
                  000023f0    0000000c     (__TI_handler_table)
                  000023fc    00000004     --HOLE-- [fill = 0]
                  00002400    00000008     (.cinit..bss.load) [load image, compression = zero_init]
                  00002408    00000008     (.cinit..vtable.load) [load image, compression = zero_init]
                  00002410    00000018     (__TI_cinit_table)

.init_array 
*          0    00000000    00000000     UNINITIALIZED

.vtable    0    20000000    0000026c     UNINITIALIZED
                  20000000    0000026c     driverlib.lib : interrupt.obj (.vtable)

.stack     0    2000026c    00000200     UNINITIALIZED
                  2000026c    00000200     --HOLE--

.data      0    20000470    00000074     UNINITIALIZED
                  20000470    00000020     motor.obj (.data)
                  20000490    00000020     main.obj (.data:sensors_data)
                  200004b0    0000000c     rtsv7M4_T_le_v4SPD16_eabi.lib : exit.obj (.data:$O1$$)
                  200004bc    00000009     main.obj (.data)
                  200004c5    00000003     --HOLE--
                  200004c8    00000008     rtsv7M4_T_le_v4SPD16_eabi.lib : _lock.obj (.data:$O1$$)
                  200004d0    00000005     srf05.obj (.data)
                  200004d5    00000003     --HOLE--
                  200004d8    00000005     uartstdio.obj (.data)
                  200004dd    00000003     --HOLE--
                  200004e0    00000004     rtsv7M4_T_le_v4SPD16_eabi.lib : stkdepth_vars.obj (.data)

.bss       0    200004e4    00000054     UNINITIALIZED
                  200004e4    00000020     (.common:u32_ADC0Value)
                  20000504    00000004     (.common:position_error)
                  20000508    00000004     (.common:pre_position_error)
                  2000050c    00000004     (.common:set)
                  20000510    00000004     (.common:u32_Period0)
                  20000514    00000004     (.common:u32_Value_AVG)
                  20000518    00000004     (.common:u32_Value_CH0)
                  2000051c    00000004     (.common:u32_Value_CH1)
                  20000520    00000004     (.common:u32_Value_CH2)
                  20000524    00000004     (.common:u32_Value_CH3)
                  20000528    00000004     (.common:u32_Value_CH4)
                  2000052c    00000004     (.common:u32_Value_CH5)
                  20000530    00000004     (.common:u32_Value_CH6)
                  20000534    00000004     (.common:u32_Value_CH7)

MODULE SUMMARY

       Module                         code   ro data   rw data
       ------                         ----   -------   -------
    .\
       main.obj                       1460   0         125    
       uartstdio.obj                  1272   46        5      
       tm4c123gh6pm_startup_ccs.obj   12     620       0      
       motor.obj                      552    0         32     
       srf05.obj                      344    8         5      
       Uart.obj                       268    0         0      
    +--+------------------------------+------+---------+---------+
       Total:                         3908   674       167    
                                                              
    C:/ti/TivaWare_C_Series-2.1.3.156/driverlib/ccs/Debug/driverlib.lib
       gpio.obj                       702    528       0      
       interrupt.obj                  276    112       620    
       sysctl.obj                     594    108       0      
       timer.obj                      284    160       0      
       adc.obj                        348    0         0      
       pwm.obj                        122    0         0      
       systick.obj                    84     0         0      
       cpu.obj                        12     0         0      
    +--+------------------------------+------+---------+---------+
       Total:                         2422   908       620    
                                                              
    C:\ti\ccsv7\tools\compiler\ti-cgt-arm_16.9.6.LTS\lib\rtsv7M4_T_le_v4SPD16_eabi.lib
       fd_mul_t2.obj                  252    0         0      
       memcpy_t2.obj                  156    0         0      
       memset_t2.obj                  122    0         0      
       autoinit.obj                   112    0         0      
       copy_decompress_lzss.obj       104    0         0      
       exit.obj                       84     0         12     
       boot.obj                       84     0         0      
       cpy_tbl.obj                    76     0         0      
       fd_tou_t2.obj                  68     0         0      
       u_divt2.obj                    64     0         0      
       u_tofd_t2.obj                  32     0         0      
       _lock.obj                      20     0         8      
       args_main.obj                  24     0         0      
       copy_decompress_none.obj       14     0         0      
       copy_zero_init.obj             12     0         0      
       pre_init.obj                   4      0         0      
       stkdepth_vars.obj              0      0         4      
       i_div0.obj                     2      0         0      
       mpu_init.obj                   2      0         0      
       startup.obj                    2      0         0      
    +--+------------------------------+------+---------+---------+
       Total:                         1234   0         24     
                                                              
       Stack:                         0      0         512    
       Linker Generated:              0      89        0      
    +--+------------------------------+------+---------+---------+
       Grand Total:                   7564   1671      1323   


LINKER GENERATED COPY TABLES

__TI_cinit_table @ 00002410 records: 3, size/record: 8, table size: 24
	.data: load addr=000023c8, load size=00000025 bytes, run addr=20000470, run size=00000074 bytes, compression=lzss
	.bss: load addr=00002400, load size=00000008 bytes, run addr=200004e4, run size=00000054 bytes, compression=zero_init
	.vtable: load addr=00002408, load size=00000008 bytes, run addr=20000000, run size=0000026c bytes, compression=zero_init


LINKER GENERATED HANDLER TABLE

__TI_handler_table @ 000023f0 records: 3, size/record: 4, table size: 12
	index: 0, handler: __TI_zero_init
	index: 1, handler: __TI_decompress_lzss
	index: 2, handler: __TI_decompress_none


GLOBAL SYMBOLS: SORTED ALPHABETICALLY BY Name 

address   name                           
-------   ----                           
00001f35  ADCHardwareOversampleConfigure 
00001fb5  ADCIntClear                    
00001cd5  ADCIntStatus                   
00001dc9  ADCProcessorTrigger            
00001971  ADCSequenceConfigure           
00001d6f  ADCSequenceDataGet             
00001f43  ADCSequenceEnable              
00001675  ADCSequenceStepConfigure       
0000051d  ButtonISR                      
00001a75  C$$EXIT                        
00001f6d  CPUcpsie                       
00000f41  Captureinit                    
0000040f  Config_ADC                     
000006f5  Config_Clock                   
00000d19  Config_MOTOR                   
00000d69  Config_PWM                     
00000279  Config_Systick                 
000004b7  Config_Timer                   
000012dd  Config_Uart                    
200004c4  ControlFlag                    
00001d03  GPIODirModeSet                 
00001fdb  GPIOIntClear                   
00001f79  GPIOIntEnable                  
00001de1  GPIOIntRegister                
000019c9  GPIOIntTypeSet                 
00001099  GPIOPadConfigSet               
00001b61  GPIOPinConfigure               
00001fe1  GPIOPinRead                    
00001ea9  GPIOPinTypeADC                 
00001ebb  GPIOPinTypeGPIOInput           
00001df9  GPIOPinTypeGPIOOutput          
00001ecd  GPIOPinTypePWM                 
00001fe7  GPIOPinWrite                   
000017d9  IntDisable                     
00001841  IntEnable                      
00001f03  IntMasterEnable                
00001c6d  IntRegister                    
20000470  PID_Saturation                 
00001d2d  PWMGenConfigure                
00001f85  PWMGenDisable                  
00001f91  PWMGenEnable                   
00001f13  PWMGenPeriodSet                
00001edf  PWMOutputState                 
00001d8d  PWMPulseWidthSet               
00001fa9  ResetISR                       
UNDEFED   SHT$$INIT_ARRAY$$Base          
UNDEFED   SHT$$INIT_ARRAY$$Limit         
000011cd  SysCtlClockGet                 
000014e5  SysCtlClockSet                 
00001fed  SysCtlDelay                    
00001e59  SysCtlPWMClockSet              
00001ca1  SysCtlPeripheralEnable         
00001e6d  SysTickEnable                  
00001e81  SysTickIntEnable               
00001dad  SysTickIntRegister             
00001f25  SysTickPeriodSet               
0000026d  SystickISR                     
0000029b  Timer0IntHandler               
00001911  TimerConfigure                 
00001e11  TimerDisable                   
00001f51  TimerEnable                    
00001ff3  TimerIntClear                  
00001fbf  TimerIntDisable                
00001fd3  TimerIntEnable                 
00001e29  TimerIntRegister               
00001ef1  TimerLoadSet                   
00001fc9  TimerValueGet                  
00000821  UARTStdioConfig                
00000ceb  UART_Choose_Base               
00000999  UARTgetc                       
000008d3  UARTgets                       
00000cc7  UARTprintf                     
000009cd  UARTvprintf                    
00000881  UARTwrite                      
2000046c  __STACK_END                    
00000200  __STACK_SIZE                   
2000046c  __STACK_TOP                    
00002410  __TI_CINIT_Base                
00002428  __TI_CINIT_Limit               
000023f0  __TI_Handler_Table_Base        
000023fc  __TI_Handler_Table_Limit       
00001769  __TI_auto_init                 
200004b0  __TI_cleanup_ptr               
000018a9  __TI_decompress_lzss           
00001f5f  __TI_decompress_none           
200004b4  __TI_dtors_ptr                 
200004b8  __TI_enable_exit_profile_output
ffffffff  __TI_pprof_out_hndl            
ffffffff  __TI_prof_data_size            
ffffffff  __TI_prof_data_start           
00000000  __TI_static_base__             
00001f9d  __TI_zero_init                 
00001ba9  __aeabi_d2uiz                  
000013e9  __aeabi_dmul                   
000011cb  __aeabi_idiv0                  
000016ef  __aeabi_memclr                 
000016ef  __aeabi_memclr4                
000016ef  __aeabi_memclr8                
000015d9  __aeabi_memcpy                 
000015d9  __aeabi_memcpy4                
000015d9  __aeabi_memcpy8                
000016f1  __aeabi_memset                 
000016f1  __aeabi_memset4                
000016f1  __aeabi_memset8                
00001d4f  __aeabi_ui2d                   
00001c2d  __aeabi_uidiv                  
00001c2d  __aeabi_uidivmod               
ffffffff  __binit__                      
ffffffff  __c_args__                     
00001a1f  __mpu_init                     
2000026c  __stack                        
00001e41  _args_main                     
00001a21  _c_int00                       
200004c8  _lock                          
00001ea3  _nop                           
00001e9b  _register_lock                 
00001e95  _register_unlock               
00001dab  _system_post_cinit             
00001ff7  _system_pre_init               
200004cc  _unlock                        
00001a79  abort                          
20000474  averageSpeed1                  
20000478  averageSpeed2                  
00000685  avoid_OBS                      
ffffffff  binit                          
00000fad  configSensor                   
000004fd  config_SPEAKER                 
000005e1  config_button                  
00000ffd  controlSensor                  
00001b15  copy_in                        
00000659  delay_MS                       
200004d4  echowait                       
00001a81  exit                           
20000000  g_pfnRAMVectors                
00000000  g_pfnVectors                   
00000721  main                           
200004e0  main_func_sp                   
000015d9  memcpy                         
000016f7  memset                         
00000edf  motorEnable                    
00000e17  motorForward                   
00000e49  motorLeft                      
00000e7b  motorRight                     
00000ead  motorStop                      
20000504  position_error                 
20000508  pre_position_error             
200004d0  pulse                          
20000490  sensors_data                   
2000050c  set                            
000023b8  temp                           
200004c0  tick                           
200004e4  u32_ADC0Value                  
200004bc  u32_Distance                   
20000510  u32_Period0                    
20000514  u32_Value_AVG                  
20000518  u32_Value_CH0                  
2000051c  u32_Value_CH1                  
20000520  u32_Value_CH2                  
20000524  u32_Value_CH3                  
20000528  u32_Value_CH4                  
2000052c  u32_Value_CH5                  
20000530  u32_Value_CH6                  
20000534  u32_Value_CH7                  
20000480  u64_DutyCycle1                 
20000488  u64_DutyCycle2                 


GLOBAL SYMBOLS: SORTED BY Symbol Address 

address   name                           
-------   ----                           
00000000  __TI_static_base__             
00000000  g_pfnVectors                   
00000200  __STACK_SIZE                   
0000026d  SystickISR                     
00000279  Config_Systick                 
0000029b  Timer0IntHandler               
0000040f  Config_ADC                     
000004b7  Config_Timer                   
000004fd  config_SPEAKER                 
0000051d  ButtonISR                      
000005e1  config_button                  
00000659  delay_MS                       
00000685  avoid_OBS                      
000006f5  Config_Clock                   
00000721  main                           
00000821  UARTStdioConfig                
00000881  UARTwrite                      
000008d3  UARTgets                       
00000999  UARTgetc                       
000009cd  UARTvprintf                    
00000cc7  UARTprintf                     
00000ceb  UART_Choose_Base               
00000d19  Config_MOTOR                   
00000d69  Config_PWM                     
00000e17  motorForward                   
00000e49  motorLeft                      
00000e7b  motorRight                     
00000ead  motorStop                      
00000edf  motorEnable                    
00000f41  Captureinit                    
00000fad  configSensor                   
00000ffd  controlSensor                  
00001099  GPIOPadConfigSet               
000011cb  __aeabi_idiv0                  
000011cd  SysCtlClockGet                 
000012dd  Config_Uart                    
000013e9  __aeabi_dmul                   
000014e5  SysCtlClockSet                 
000015d9  __aeabi_memcpy                 
000015d9  __aeabi_memcpy4                
000015d9  __aeabi_memcpy8                
000015d9  memcpy                         
00001675  ADCSequenceStepConfigure       
000016ef  __aeabi_memclr                 
000016ef  __aeabi_memclr4                
000016ef  __aeabi_memclr8                
000016f1  __aeabi_memset                 
000016f1  __aeabi_memset4                
000016f1  __aeabi_memset8                
000016f7  memset                         
00001769  __TI_auto_init                 
000017d9  IntDisable                     
00001841  IntEnable                      
000018a9  __TI_decompress_lzss           
00001911  TimerConfigure                 
00001971  ADCSequenceConfigure           
000019c9  GPIOIntTypeSet                 
00001a1f  __mpu_init                     
00001a21  _c_int00                       
00001a75  C$$EXIT                        
00001a79  abort                          
00001a81  exit                           
00001b15  copy_in                        
00001b61  GPIOPinConfigure               
00001ba9  __aeabi_d2uiz                  
00001c2d  __aeabi_uidiv                  
00001c2d  __aeabi_uidivmod               
00001c6d  IntRegister                    
00001ca1  SysCtlPeripheralEnable         
00001cd5  ADCIntStatus                   
00001d03  GPIODirModeSet                 
00001d2d  PWMGenConfigure                
00001d4f  __aeabi_ui2d                   
00001d6f  ADCSequenceDataGet             
00001d8d  PWMPulseWidthSet               
00001dab  _system_post_cinit             
00001dad  SysTickIntRegister             
00001dc9  ADCProcessorTrigger            
00001de1  GPIOIntRegister                
00001df9  GPIOPinTypeGPIOOutput          
00001e11  TimerDisable                   
00001e29  TimerIntRegister               
00001e41  _args_main                     
00001e59  SysCtlPWMClockSet              
00001e6d  SysTickEnable                  
00001e81  SysTickIntEnable               
00001e95  _register_unlock               
00001e9b  _register_lock                 
00001ea3  _nop                           
00001ea9  GPIOPinTypeADC                 
00001ebb  GPIOPinTypeGPIOInput           
00001ecd  GPIOPinTypePWM                 
00001edf  PWMOutputState                 
00001ef1  TimerLoadSet                   
00001f03  IntMasterEnable                
00001f13  PWMGenPeriodSet                
00001f25  SysTickPeriodSet               
00001f35  ADCHardwareOversampleConfigure 
00001f43  ADCSequenceEnable              
00001f51  TimerEnable                    
00001f5f  __TI_decompress_none           
00001f6d  CPUcpsie                       
00001f79  GPIOIntEnable                  
00001f85  PWMGenDisable                  
00001f91  PWMGenEnable                   
00001f9d  __TI_zero_init                 
00001fa9  ResetISR                       
00001fb5  ADCIntClear                    
00001fbf  TimerIntDisable                
00001fc9  TimerValueGet                  
00001fd3  TimerIntEnable                 
00001fdb  GPIOIntClear                   
00001fe1  GPIOPinRead                    
00001fe7  GPIOPinWrite                   
00001fed  SysCtlDelay                    
00001ff3  TimerIntClear                  
00001ff7  _system_pre_init               
000023b8  temp                           
000023f0  __TI_Handler_Table_Base        
000023fc  __TI_Handler_Table_Limit       
00002410  __TI_CINIT_Base                
00002428  __TI_CINIT_Limit               
20000000  g_pfnRAMVectors                
2000026c  __stack                        
2000046c  __STACK_END                    
2000046c  __STACK_TOP                    
20000470  PID_Saturation                 
20000474  averageSpeed1                  
20000478  averageSpeed2                  
20000480  u64_DutyCycle1                 
20000488  u64_DutyCycle2                 
20000490  sensors_data                   
200004b0  __TI_cleanup_ptr               
200004b4  __TI_dtors_ptr                 
200004b8  __TI_enable_exit_profile_output
200004bc  u32_Distance                   
200004c0  tick                           
200004c4  ControlFlag                    
200004c8  _lock                          
200004cc  _unlock                        
200004d0  pulse                          
200004d4  echowait                       
200004e0  main_func_sp                   
200004e4  u32_ADC0Value                  
20000504  position_error                 
20000508  pre_position_error             
2000050c  set                            
20000510  u32_Period0                    
20000514  u32_Value_AVG                  
20000518  u32_Value_CH0                  
2000051c  u32_Value_CH1                  
20000520  u32_Value_CH2                  
20000524  u32_Value_CH3                  
20000528  u32_Value_CH4                  
2000052c  u32_Value_CH5                  
20000530  u32_Value_CH6                  
20000534  u32_Value_CH7                  
ffffffff  __TI_pprof_out_hndl            
ffffffff  __TI_prof_data_size            
ffffffff  __TI_prof_data_start           
ffffffff  __binit__                      
ffffffff  __c_args__                     
ffffffff  binit                          
UNDEFED   SHT$$INIT_ARRAY$$Base          
UNDEFED   SHT$$INIT_ARRAY$$Limit         

[165 symbols]
